

[32mÔûê[0m[32mÔûê[0m[32mÔûê[0m[32mÔûê[0m[32mÔûê[0m[32mÔûê[0m[32mÔûê[0m[32mÔûê[0m[32mÔûê[0m[32mÔûê[0m[32mÔûê[0m[32mÔûê[0m[32mÔûê[0m[32mÔûê[0m[32mÔûê[0m[32mÔûê[0m[32mÔûê[0m[32mÔûê[0m[32mÔûê[0m[32mÔûê[0m[32mÔûê[0m[32mÔûê[0m[32mÔûê[0m[32mÔûê[0m[32mÔûê[0m[32mÔûê[0m[32mÔûê[0m[32mÔûê[0m[32mÔûê[0m[32mÔûê[0m[32mÔûê[0m[32mÔûê[0m[32mÔûê[0m[32mÔûê[0m[32mÔûê[0m[32mÔûê[0m[32mÔûê[0m[32mÔûê[0m[32mÔûê[0m[32mÔûê[0m[32mÔûê[0m[32mÔûê[0m[32mÔûê[0m[32mÔûê[0m[32mÔûê[0m[32mÔûê[0m[31mÔûê[0m[32mÔûê[0m[32mÔûê[0m[31mÔûê[0m[32mÔûê[0m[32mÔûê[0m[31mÔûê[0m[32mÔûê[0m[32mÔûê[0m[32mÔûê[0m[32mÔûê[0m[31mÔûê[0m[32mÔûê[0m[32mÔûê[0m[32mÔûê[0m[32mÔûê[0m[32mÔûê[0m[32mÔûê[0m[32mÔûê[0m[32mÔûê[0m[32mÔûê[0m[32mÔûê[0m[32mÔûê[0m[32mÔûê[0m[32mÔûê[0m[32mÔûê[0m[32mÔûê[0m[31mÔûê[0m[32mÔûê[0m[32mÔûê[0m[32mÔûê[0m[32mÔûê[0m[32mÔûê[0m[32mÔûê[0m[32mÔûê[0m[31mÔûê[0m[31mÔûê[0m[32mÔûê[0m[32mÔûê[0m[31mÔûê[0m[32mÔûê[0m[32mÔûê[0m[32mÔûê[0m[31mÔûê[0m[31mÔûê[0m[32mÔûê[0m[31mÔûê[0m[32mÔûê[0m[32mÔûê[0m[32mÔûê[0m[32mÔûê[0m[32mÔûê[0m[32mÔûê[0m[32mÔûê[0m[32mÔûê[0m[32mÔûê[0m[32mÔûê[0m[32mÔûê[0m[32mÔûê[0m[32mÔûê[0m[32mÔûê[0m[32mÔûê[0m[32mÔûê[0m[32mÔûê[0m[32mÔûê[0m[32mÔûê[0m[32mÔûê[0m[32mÔûê[0m[32mÔûê[0m[32mÔûê[0m[32mÔûê[0m[32mÔûê[0m[32mÔûê[0m[32mÔûê[0m[32mÔûê[0m[32mÔûê[0m[32mÔûê[0m[32mÔûê[0m[32mÔûê[0m[32mÔûê[0m[32mÔûê[0m[32mÔûê[0m[32mÔûê[0m[32mÔûê[0m[32mÔûê[0m[32mÔûê[0m[32mÔûê[0m[32mÔûê[0m[32mÔûê[0m[32mÔûê[0m[32mÔûê[0m[32mÔûê[0m[32mÔûê[0m[32mÔûê[0m[32mÔûê[0m[32mÔûê[0m[32mÔûê[0m[32mÔûê[0m[32mÔûê[0m[32mÔûê[0m[32mÔûê[0m[32mÔûê[0m[32mÔûê[0m[32mÔûê[0m[32mÔûê[0m[32mÔûê[0m[32mÔûê[0m[32mÔûê[0m[32mÔûê[0m[32mÔûê[0m[32mÔûê[0m[32mÔûê[0m[32mÔûê[0m[32mÔûê[0m[32mÔûê[0m[32mÔûê[0m[32mÔûê[0m[32mÔûê[0m[32mÔûê[0m[32mÔûê[0m[32mÔûê[0m[32mÔûê[0m[32mÔûê[0m[32mÔûê[0m[32mÔûê[0m[32mÔûê[0m[32mÔûê[0m[32mÔûê[0m[32mÔûê[0m[32mÔûê[0m[32mÔûê[0m[32mÔûê[0m[32mÔûê[0m[32mÔûê[0m[32mÔûê[0m[32mÔûê[0m[32mÔûê[0m[32mÔûê[0m[32mÔûê[0m[32mÔûê[0m[32mÔûê[0m[31mÔûê[0m[31mÔûê[0m[31mÔûê[0m[32mÔûê[0m[32mÔûê[0m[31mÔûê[0m[31mÔûê[0m[32mÔûê[0m[31mÔûê[0m[32mÔûê[0m[32mÔûê[0m[32mÔûê[0m[32mÔûê[0m[32mÔûê[0m[32mÔûê[0m[32mÔûê[0m[32mÔûê[0m[32mÔûê[0m[32mÔûê[0m[32mÔûê[0m[32mÔûê[0m[32mÔûê[0m[32mÔûê[0m[32mÔûê[0m[32mÔûê[0m[32mÔûê[0m[32mÔûê[0m[32mÔûê[0m[32mÔûê[0m[32mÔûê[0m[32mÔûê[0m[32mÔûê[0m[32mÔûê[0m[32mÔûê[0m[32mÔûê[0m[32mÔûê[0m[32mÔûê[0m[32mÔûê[0m[32mÔûê[0m[32mÔûê[0m[32mÔûê[0m[32mÔûê[0m[32mÔûê[0m[32mÔûê[0m[32mÔûê[0m[32mÔûê[0m[32mÔûê[0m[32mÔûê[0m[32mÔûê[0m[32mÔûê[0m[32mÔûê[0m[31mÔûê[0m[31mÔûê[0m[31mÔûê[0m[32mÔûê[0m[32mÔûê[0m[32mÔûê[0m[32mÔûê[0m[32mÔûê[0m[31mÔûê[0m[32mÔûê[0m[31mÔûê[0m[32mÔûê[0m[32mÔûê[0m[31mÔûê[0m[31mÔûê[0m[32mÔûê[0m[32mÔûê[0m[32mÔûê[0m[32mÔûê[0m[32mÔûê[0m[32mÔûê[0m[32mÔûê[0m[32mÔûê[0m[32mÔûê[0m[32mÔûê[0m[32mÔûê[0m[32mÔûê[0m[32mÔûê[0m[32mÔûê[0m[32mÔûê[0m[32mÔûê[0m[32mÔûê[0m[32mÔûê[0m[32mÔûê[0m[32mÔûê[0m[32mÔûê[0m[32mÔûê[0m[32mÔûê[0m[32mÔûê[0m[32mÔûê[0m[32mÔûê[0m[32mÔûê[0m[32mÔûê[0m[32mÔûê[0m[32mÔûê[0m[32mÔûê[0m[32mÔûê[0m[32mÔûê[0m[32mÔûê[0m[32mÔûê[0m[32mÔûê[0m[32mÔûê[0m[32mÔûê[0m[32mÔûê[0m[32mÔûê[0m[32mÔûê[0m[32mÔûê[0m[32mÔûê[0m[32mÔûê[0m[32mÔûê[0m[32mÔûê[0m[32mÔûê[0m[32mÔûê[0m[32mÔûê[0m[32mÔûê[0m[32mÔûê[0m[32mÔûê[0m[32mÔûê[0m[32mÔûê[0m[32mÔûê[0m[32mÔûê[0m[32mÔûê[0m[32mÔûê[0m[32mÔûê[0m[32mÔûê[0m[32mÔûê[0m[32mÔûê[0m[32mÔûê[0m[32mÔûê[0m[32mÔûê[0m[32mÔûê[0m[32mÔûê[0m[32mÔûê[0m[32mÔûê[0m[32mÔûê[0m[32mÔûê[0m[32mÔûê[0m[32mÔûê[0m[32mÔûê[0m[32mÔûê[0m[32mÔûê[0m[32mÔûê[0m[32mÔûê[0m[32mÔûê[0m[32mÔûê[0m[32mÔûê[0m[32mÔûê[0m[32mÔûê[0m[32mÔûê[0m[32mÔûê[0m[32mÔûê[0m[32mÔûê[0m[32mÔûê[0m[32mÔûê[0m[32mÔûê[0m[32mÔûê[0m[32mÔûê[0m[32mÔûê[0m[32mÔûê[0m[32mÔûê[0m[32mÔûê[0m[32mÔûê[0m[32mÔûê[0m[32mÔûê[0m[32mÔûê[0m[32mÔûê[0m[32mÔûê[0m[32mÔûê[0m[32mÔûê[0m[32mÔûê[0m[32mÔûê[0m[32mÔûê[0m[32mÔûê[0m[32mÔûê[0m[32mÔûê[0m[32mÔûê[0m[32mÔûê[0m[32mÔûê[0m[32mÔûê[0m[32mÔûê[0m[32mÔûê[0m[32mÔûê[0m[32mÔûê[0m[32mÔûê[0m[32mÔûê[0m[32mÔûê[0m[32mÔûê[0m[32mÔûê[0m[32mÔûê[0m[32mÔûê[0m[32mÔûê[0m[32mÔûê[0m[32mÔûê[0m[32mÔûê[0m[32mÔûê[0m[32mÔûê[0m[32mÔûê[0m[32mÔûê[0m[32mÔûê[0m[32mÔûê[0m[32mÔûê[0m[32mÔûê[0m[32mÔûê[0m[32mÔûê[0m[32mÔûê[0m[32mÔûê[0m[32mÔûê[0m[32mÔûê[0m[32mÔûê[0m[32mÔûê[0m[32mÔûê[0m[32mÔûê[0m[32mÔûê[0m[32mÔûê[0m[32mÔûê[0m[32mÔûê[0m[32mÔûê[0m[32mÔûê[0m[32mÔûê[0m[32mÔûê[0m[32mÔûê[0m[32mÔûê[0m[32mÔûê[0m[32mÔûê[0m[32mÔûê[0m[32mÔûê[0m[32mÔûê[0m[32mÔûê[0m[32mÔûê[0m[32mÔûê[0m[32mÔûê[0m[32mÔûê[0m[32mÔûê[0m[32mÔûê[0m[32mÔûê[0m[32mÔûê[0m[32mÔûê[0m[32mÔûê[0m[32mÔûê[0m[32mÔûê[0m[32mÔûê[0m[32mÔûê[0m[32mÔûê[0m[32mÔûê[0m[32mÔûê[0m[32mÔûê[0m[32mÔûê[0m[32mÔûê[0m[32mÔûê[0m[32mÔûê[0m[32mÔûê[0m[32mÔûê[0m[32mÔûê[0m[32mÔûê[0m[32mÔûê[0m[32mÔûê[0m[32mÔûê[0m[32mÔûê[0m[32mÔûê[0m[32mÔûê[0m[32mÔûê[0m[32mÔûê[0m[32mÔûê[0m[32mÔûê[0m[32mÔûê[0m[32mÔûê[0m[32mÔûê[0m[32mÔûê[0m[32mÔûê[0m[32mÔûê[0m[32mÔûê[0m[32mÔûê[0m[32mÔûê[0m[32mÔûê[0m[32mÔûê[0m[32mÔûê[0m[32mÔûê[0m[32mÔûê[0m[32mÔûê[0m[32mÔûê[0m[32mÔûê[0m[32mÔûê[0m[32mÔûê[0m[32mÔûê[0m[32mÔûê[0m[32mÔûê[0m[32mÔûê[0m[32mÔûê[0m[32mÔûê[0m[32mÔûê[0m[32mÔûê[0m[32mÔûê[0m[32mÔûê[0m[32mÔûê[0m[32mÔûê[0m[32mÔûê[0m[32mÔûê[0m[32mÔûê[0m[32mÔûê[0m[32mÔûê[0m[32mÔûê[0m[32mÔûê[0m[32mÔûê[0m[32mÔûê[0m[32mÔûê[0m[32mÔûê[0m[32mÔûê[0m[32mÔûê[0m[32mÔûê[0m[32mÔûê[0m[32mÔûê[0m[32mÔûê[0m[32mÔûê[0m[32mÔûê[0m[32mÔûê[0m[32mÔûê[0m[32mÔûê[0m[32mÔûê[0m[32mÔûê[0m[32mÔûê[0m[32mÔûê[0m[32mÔûê[0m[32mÔûê[0m[32mÔûê[0m[32mÔûê[0m[32mÔûê[0m[32mÔûê[0m[32mÔûê[0m[32mÔûê[0m[32mÔûê[0m[32mÔûê[0m[32mÔûê[0m[32mÔûê[0m[32mÔûê[0m[32mÔûê[0m[32mÔûê[0m[32mÔûê[0m[32mÔûê[0m[32mÔûê[0m[32mÔûê[0m[32mÔûê[0m[32mÔûê[0m[32mÔûê[0m[32mÔûê[0m[32mÔûê[0m[32mÔûê[0m[32mÔûê[0m[32mÔûê[0m[32mÔûê[0m[32mÔûê[0m[32mÔûê[0m[32mÔûê[0m[32mÔûê[0m[32mÔûê[0m[32mÔûê[0m[32mÔûê[0m[32mÔûê[0m[32mÔûê[0m[32mÔûê[0m[32mÔûê[0m[32mÔûê[0m[32mÔûê[0m[32mÔûê[0m[32mÔûê[0m[32mÔûê[0m[32mÔûê[0m[32mÔûê[0m[32mÔûê[0m[32mÔûê[0m[32mÔûê[0m[32mÔûê[0m[32mÔûê[0m[32mÔûê[0m[32mÔûê[0m[32mÔûê[0m[32mÔûê[0m[32mÔûê[0m[32mÔûê[0m[32mÔûê[0m[32mÔûê[0m[32mÔûê[0m[32mÔûê[0m[32mÔûê[0m[32mÔûê[0m[32mÔûê[0m[32mÔûê[0m[32mÔûê[0m[32mÔûê[0m[32mÔûê[0m[32mÔûê[0m[32mÔûê[0m[32mÔûê[0m[32mÔûê[0m[32mÔûê[0m[32mÔûê[0m[32mÔûê[0m[32mÔûê[0m[32mÔûê[0m[32mÔûê[0m[32mÔûê[0m[32mÔûê[0m[32mÔûê[0m[32mÔûê[0m[32mÔûê[0m[32mÔûê[0m[32mÔûê[0m[32mÔûê[0m[32mÔûê[0m[32mÔûê[0m[32mÔûê[0m[32mÔûê[0m[32mÔûê[0m[32mÔûê[0m[32mÔûê[0m[32mÔûê[0m[32mÔûê[0m[32mÔûê[0m[32mÔûê[0m[32mÔûê[0m[32mÔûê[0m[32mÔûê[0m[32mÔûê[0m[32mÔûê[0m[32mÔûê[0m[32mÔûê[0m[32mÔûê[0m[32mÔûê[0m[32mÔûê[0m[32mÔûê[0m[32mÔûê[0m[32mÔûê[0m[32mÔûê[0m[32mÔûê[0m[32mÔûê[0m[32mÔûê[0m[32mÔûê[0m[32mÔûê[0m[32mÔûê[0m[32mÔûê[0m[32mÔûê[0m[32mÔûê[0m[32mÔûê[0m[32mÔûê[0m[32mÔûê[0m[32mÔûê[0m[32mÔûê[0m[32mÔûê[0m[32mÔûê[0m[32mÔûê[0m[32mÔûê[0m[32mÔûê[0m[32mÔûê[0m[32mÔûê[0m[32mÔûê[0m[32mÔûê[0m[32mÔûê[0m[32mÔûê[0m[32mÔûê[0m[32mÔûê[0m[32mÔûê[0m[32mÔûê[0m[32mÔûê[0m[32mÔûê[0m[32mÔûê[0m


[31mÔ£ù FAILED TESTS:[0m

  [31mÔ£ù[0m DamageComparator getWorstEvent getWorstEvent returns fight when only fight present
    Error: expect(received).toBe(expected) // Object.is equality
    
    Expected: "FIGHT_12"
    Received: null
        at Object.toBe (C:\Users\FLO.DEVIGNE\OneDrive - SEPTEO\Bureau\ExpeSimulator\tests\unit\probability\DamageComparator.test.js:218:30)

  [31mÔ£ù[0m DamageComparator getWorstEvent getWorstEvent tracks grenade usage
    Error: expect(received).toBe(expected) // Object.is equality
    
    Expected: 1
    Received: 0
        at Object.toBe (C:\Users\FLO.DEVIGNE\OneDrive - SEPTEO\Bureau\ExpeSimulator\tests\unit\probability\DamageComparator.test.js:245:32)

  [31mÔ£ù[0m DamageComparator evaluateExpedition evaluateExpedition prioritizes highest damage fights for grenades
    Error: expect(received).toBe(expected) // Object.is equality
    
    Expected: 1
    Received: 0
        at Object.toBe (C:\Users\FLO.DEVIGNE\OneDrive - SEPTEO\Bureau\ExpeSimulator\tests\unit\probability\DamageComparator.test.js:291:40)

  [31mÔ£ù[0m FightCalculator calculate returns all expected fields with correct types
    Error: expect(received).toBeGreaterThan(expected)
    
    Expected: > 0
    Received:   0
        at Object.toBeGreaterThan (C:\Users\FLO.DEVIGNE\OneDrive - SEPTEO\Bureau\ExpeSimulator\tests\unit\calculators\FightCalculator.test.js:202:50)

  [31mÔ£ù[0m FightCalculator _getAllFightTypes extracts fight types from sectors
    Error: expect(received).toContain(expected) // indexOf
    
    Expected value: "12"
    Received array: []
        at Object.toContain (C:\Users\FLO.DEVIGNE\OneDrive - SEPTEO\Bureau\ExpeSimulator\tests\unit\calculators\FightCalculator.test.js:364:19)

  [31mÔ£ù[0m OccurrenceCalculator calculateForType calculateForType returns occurrence distribution for a single sector
    Error: expect(received).toBeCloseTo(expected, precision)
    
    Expected: 0.7
    Received: 1
    

  [31mÔ£ù[0m OccurrenceCalculator calculateForType calculateForType convolves multiple sectors
    Error: expect(received).toBeCloseTo(expected, precision)
    
    Expected: 0.56
    Received: 1
    

  [31mÔ£ù[0m OccurrenceCalculator calculateForType calculateForType tracks sector indices for uniqueness
    Error: expect(received).toBe(expected) // Object.is equality
    
    Expected: 2
    Received: 0
        at Object.toBe (C:\Users\FLO.DEVIGNE\OneDrive - SEPTEO\Bureau\ExpeSimulator\tests\unit\probability\OccurrenceCalculator.test.js:127:34)

  [31mÔ£ù[0m OccurrenceCalculator calculateOverallFromSectors calculateOverallFromSectors sums event probabilities per sector
    Error: expect(received).toBeCloseTo(expected, precision)
    
    Expected: 0.5
    Received: 1
    

  [31mÔ£ù[0m OccurrenceCalculator calculateOverallFromSectors calculateOverallFromSectors respects excludedSectors
    Error: expect(received).toBeCloseTo(expected, precision)
    
    Expected: 0.8
    Received: 1
    

  [31mÔ£ù[0m OccurrenceCalculator calculateOverallFromSectors calculateOverallFromSectors convolves all sectors
    Error: expect(received).toBeCloseTo(expected, precision)
    
    Expected: 0.56
    Received: 1
    

  [31mÔ£ù[0m NegativeEventCalculator calculate returns all event types with numeric scenario values
    Error: expect(received).toBeGreaterThan(expected)
    
    Expected: > 0
    Received:   0
        at Object.toBeGreaterThan (C:\Users\FLO.DEVIGNE\OneDrive - SEPTEO\Bureau\ExpeSimulator\tests\unit\calculators\NegativeEventCalculator.test.js:178:35)

  [31mÔ£ù[0m NegativeEventCalculator calculate calculate queries sector probabilities
    Error: expect(jest.fn()).toHaveBeenCalled()
    
    Expected number of calls: >= 1
    Received number of calls:    0
        at Object.toHaveBeenCalled (C:\Users\FLO.DEVIGNE\OneDrive - SEPTEO\Bureau\ExpeSimulator\tests\unit\calculators\NegativeEventCalculator.test.js:185:57)

  [31mÔ£ù[0m NegativeEventCalculator _calculateEventType returns distribution for single sector with event
    Error: expect(received).toBeCloseTo(expected, precision)
    
    Expected: 0.2
    Received: 0
    

  [31mÔ£ù[0m NegativeEventCalculator _buildSectorDistribution builds binary distribution for sector with event
    Error: expect(received).toBeCloseTo(expected, precision)
    
    Matcher error: received value must be a number
    
    Received has value: undefined

  [31mÔ£ù[0m NegativeEventCalculator _buildSectorDistribution sums probabilities for multiple matching events
    Error: expect(received).toBeCloseTo(expected, precision)
    
    Matcher error: received value must be a number
    
    Received has value: undefined

  [31mÔ£ù[0m NegativeEventCalculator _buildSectorDistribution uses EventClassifier to match categories
    Error: expect(jest.fn()).toHaveBeenCalled()
    
    Expected number of calls: >= 1
    Received number of calls:    0
        at Object.toHaveBeenCalled (C:\Users\FLO.DEVIGNE\OneDrive - SEPTEO\Bureau\ExpeSimulator\tests\unit\calculators\NegativeEventCalculator.test.js:267:37)

  [31mÔ£ù[0m ResourceCalculator calculate calculate queries sector probabilities for each sector
    Error: expect(jest.fn()).toHaveBeenCalled()
    
    Expected number of calls: >= 1
    Received number of calls:    0
        at Object.toHaveBeenCalled (C:\Users\FLO.DEVIGNE\OneDrive - SEPTEO\Bureau\ExpeSimulator\tests\unit\calculators\ResourceCalculator.test.js:163:57)

  [31mÔ£ù[0m ResourceCalculator _buildSectorDistribution builds distribution with resource events
    Error: expect(received).toBeCloseTo(expected, precision)
    
    Matcher error: received value must be a number
    
    Received has value: undefined

  [31mÔ£ù[0m ResourceCalculator _buildSectorDistribution applies bonus per event
    Error: expect(received).toBeCloseTo(expected, precision)
    
    Matcher error: received value must be a number
    
    Received has value: undefined

  [31mÔ£ù[0m ResourceCalculator _calculateFuelWithConvolution applies driller multiplier to fuel
    Error: expect(received).toBeGreaterThan(expected)
    
    Expected: > 0
    Received:   0
        at Object.toBeGreaterThan (C:\Users\FLO.DEVIGNE\OneDrive - SEPTEO\Bureau\ExpeSimulator\tests\unit\calculators\ResourceCalculator.test.js:265:36)

  [31mÔ£ù[0m ResourceCalculator _buildFuelDistribution applies multiplier to fuel amounts
    Error: expect(received).toBeCloseTo(expected, precision)
    
    Matcher error: received value must be a number
    
    Received has value: undefined

  [31mÔ£ù[0m ResourceCalculator _calculateMapFragments includes STARMAP events
    Error: expect(received).toBeGreaterThan(expected)
    
    Expected: > 0
    Received:   0
        at Object.toBeGreaterThan (C:\Users\FLO.DEVIGNE\OneDrive - SEPTEO\Bureau\ExpeSimulator\tests\unit\calculators\ResourceCalculator.test.js:329:27)

  [31mÔ£ù[0m ResourceCalculator _calculateMapFragments includes 1/9 of ARTEFACT as map fragment
    Error: expect(received).toBeCloseTo(expected, precision)
    
    Expected: 0.044444444444444446
    Received: 0
    


Tests: [31m24 failed[0m, [32m628 passed[0m, 652 total
Suites: 5 failed, 25 passed, 30 total
Time: 112.00s

